[2025-06-22 22:10:32,541] torch.distributed.run: [WARNING] 
[2025-06-22 22:10:32,541] torch.distributed.run: [WARNING] *****************************************
[2025-06-22 22:10:32,541] torch.distributed.run: [WARNING] Setting OMP_NUM_THREADS environment variable for each process to be 1 in default, to avoid your system being overloaded, please further tune the variable for optimal performance in your application as needed. 
[2025-06-22 22:10:32,541] torch.distributed.run: [WARNING] *****************************************
[[34m2025-06-22 22:10:35[0m] Experiment directory created at logs/nwm_cdit_union
[[34m2025-06-22 22:10:51[0m] CDiT Parameters: 1,014,615,968
[[34m2025-06-22 22:19:07[0m] Dataset contains 297,773 images
[[34m2025-06-22 22:19:07[0m] Training for 300 epochs...
[[34m2025-06-22 22:19:07[0m] Beginning epoch 0...
[[34m2025-06-22 22:21:12[0m] (step=0000100) Train Loss: 0.3362, Train Steps/Sec: 0.80, Samples/Sec: 38.28
[[34m2025-06-22 22:22:07[0m] (step=0000200) Train Loss: 0.2141, Train Steps/Sec: 1.81, Samples/Sec: 87.01
[[34m2025-06-22 22:23:02[0m] (step=0000300) Train Loss: 0.2100, Train Steps/Sec: 1.83, Samples/Sec: 87.98
[[34m2025-06-22 22:23:56[0m] (step=0000400) Train Loss: 0.1931, Train Steps/Sec: 1.86, Samples/Sec: 89.29
[[34m2025-06-22 22:24:49[0m] (step=0000500) Train Loss: 0.1983, Train Steps/Sec: 1.87, Samples/Sec: 89.62
[[34m2025-06-22 22:25:43[0m] (step=0000600) Train Loss: 0.1973, Train Steps/Sec: 1.85, Samples/Sec: 88.74
[[34m2025-06-22 22:26:37[0m] (step=0000700) Train Loss: 0.1958, Train Steps/Sec: 1.84, Samples/Sec: 88.35
[[34m2025-06-22 22:27:33[0m] (step=0000800) Train Loss: 0.1978, Train Steps/Sec: 1.80, Samples/Sec: 86.44
[[34m2025-06-22 22:28:28[0m] (step=0000900) Train Loss: 0.1948, Train Steps/Sec: 1.83, Samples/Sec: 88.04
[[34m2025-06-22 22:29:21[0m] (step=0001000) Train Loss: 0.1953, Train Steps/Sec: 1.86, Samples/Sec: 89.45
[[34m2025-06-22 22:30:15[0m] (step=0001100) Train Loss: 0.2004, Train Steps/Sec: 1.86, Samples/Sec: 89.25
