W1104 16:55:33.658000 1420741 site-packages/torch/distributed/run.py:793] 
W1104 16:55:33.658000 1420741 site-packages/torch/distributed/run.py:793] *****************************************
W1104 16:55:33.658000 1420741 site-packages/torch/distributed/run.py:793] Setting OMP_NUM_THREADS environment variable for each process to be 1 in default, to avoid your system being overloaded, please further tune the variable for optimal performance in your application as needed. 
W1104 16:55:33.658000 1420741 site-packages/torch/distributed/run.py:793] *****************************************
[[34m2025-11-04 16:55:39[0m] Experiment directory created at logs/nwm_cdit_airvln_v9
[[34m2025-11-04 16:56:04[0m] CDiT Parameters: 1,010,719,904
[[34m2025-11-04 17:07:24[0m] Dataset contains 337,818 images
[[34m2025-11-04 17:07:24[0m] Training for 300 epochs...
[[34m2025-11-04 17:07:24[0m] Using full-blooded PE-Field: computing pix_coords_downs from K and depth_curr.
[[34m2025-11-04 17:07:24[0m] Beginning epoch 0...
[[34m2025-11-04 17:08:37[0m] (step=0000100) Train Loss: 0.3374, Train Steps/Sec: 1.37, Samples/Sec: 43.78
[[34m2025-11-04 17:09:23[0m] (step=0000200) Train Loss: 0.2044, Train Steps/Sec: 2.16, Samples/Sec: 69.16
[[34m2025-11-04 17:10:07[0m] (step=0000300) Train Loss: 0.2076, Train Steps/Sec: 2.32, Samples/Sec: 74.24
[[34m2025-11-04 17:10:49[0m] (step=0000400) Train Loss: 0.2010, Train Steps/Sec: 2.37, Samples/Sec: 75.68
[[34m2025-11-04 17:11:32[0m] (step=0000500) Train Loss: 0.2006, Train Steps/Sec: 2.33, Samples/Sec: 74.64
[[34m2025-11-04 17:12:14[0m] (step=0000600) Train Loss: 0.2047, Train Steps/Sec: 2.35, Samples/Sec: 75.31
[[34m2025-11-04 17:12:57[0m] (step=0000700) Train Loss: 0.1994, Train Steps/Sec: 2.33, Samples/Sec: 74.55
[[34m2025-11-04 17:13:40[0m] (step=0000800) Train Loss: 0.1990, Train Steps/Sec: 2.33, Samples/Sec: 74.51
[[34m2025-11-04 17:14:24[0m] (step=0000900) Train Loss: 0.1986, Train Steps/Sec: 2.29, Samples/Sec: 73.17
[[34m2025-11-04 17:15:07[0m] (step=0001000) Train Loss: 0.1982, Train Steps/Sec: 2.35, Samples/Sec: 75.16
[[34m2025-11-04 17:15:49[0m] (step=0001100) Train Loss: 0.1948, Train Steps/Sec: 2.34, Samples/Sec: 74.87
[[34m2025-11-04 17:16:32[0m] (step=0001200) Train Loss: 0.1843, Train Steps/Sec: 2.34, Samples/Sec: 74.90
[[34m2025-11-04 17:17:15[0m] (step=0001300) Train Loss: 0.1912, Train Steps/Sec: 2.35, Samples/Sec: 75.11
[[34m2025-11-04 17:17:58[0m] (step=0001400) Train Loss: 0.1871, Train Steps/Sec: 2.33, Samples/Sec: 74.66
[[34m2025-11-04 17:18:41[0m] (step=0001500) Train Loss: 0.1913, Train Steps/Sec: 2.28, Samples/Sec: 72.96
[[34m2025-11-04 17:19:25[0m] (step=0001600) Train Loss: 0.1837, Train Steps/Sec: 2.30, Samples/Sec: 73.69
[[34m2025-11-04 17:20:07[0m] (step=0001700) Train Loss: 0.1849, Train Steps/Sec: 2.37, Samples/Sec: 75.89
[[34m2025-11-04 17:20:50[0m] (step=0001800) Train Loss: 0.1911, Train Steps/Sec: 2.34, Samples/Sec: 74.88
[[34m2025-11-04 17:21:32[0m] (step=0001900) Train Loss: 0.1952, Train Steps/Sec: 2.36, Samples/Sec: 75.56
[[34m2025-11-04 17:22:15[0m] (step=0002000) Train Loss: 0.1825, Train Steps/Sec: 2.32, Samples/Sec: 74.37
[[34m2025-11-04 17:22:59[0m] (step=0002100) Train Loss: 0.1782, Train Steps/Sec: 2.28, Samples/Sec: 73.00
[[34m2025-11-04 17:23:43[0m] (step=0002200) Train Loss: 0.1798, Train Steps/Sec: 2.28, Samples/Sec: 72.82
[[34m2025-11-04 17:24:26[0m] (step=0002300) Train Loss: 0.1856, Train Steps/Sec: 2.33, Samples/Sec: 74.42
[[34m2025-11-04 17:25:09[0m] (step=0002400) Train Loss: 0.1836, Train Steps/Sec: 2.34, Samples/Sec: 74.77
[[34m2025-11-04 17:25:52[0m] (step=0002500) Train Loss: 0.1793, Train Steps/Sec: 2.34, Samples/Sec: 74.97
[[34m2025-11-04 17:26:34[0m] (step=0002600) Train Loss: 0.1883, Train Steps/Sec: 2.35, Samples/Sec: 75.11
[[34m2025-11-04 17:27:18[0m] (step=0002700) Train Loss: 0.1850, Train Steps/Sec: 2.30, Samples/Sec: 73.45
[[34m2025-11-04 17:28:02[0m] (step=0002800) Train Loss: 0.1842, Train Steps/Sec: 2.28, Samples/Sec: 72.92
[[34m2025-11-04 17:28:45[0m] (step=0002900) Train Loss: 0.1789, Train Steps/Sec: 2.31, Samples/Sec: 73.77
[[34m2025-11-04 17:29:28[0m] (step=0003000) Train Loss: 0.1833, Train Steps/Sec: 2.34, Samples/Sec: 74.81
[[34m2025-11-04 17:30:11[0m] (step=0003100) Train Loss: 0.1804, Train Steps/Sec: 2.33, Samples/Sec: 74.44
[[34m2025-11-04 17:30:53[0m] (step=0003200) Train Loss: 0.1795, Train Steps/Sec: 2.36, Samples/Sec: 75.53
[[34m2025-11-04 17:31:35[0m] (step=0003300) Train Loss: 0.1771, Train Steps/Sec: 2.38, Samples/Sec: 76.17
[[34m2025-11-04 17:32:18[0m] (step=0003400) Train Loss: 0.1806, Train Steps/Sec: 2.33, Samples/Sec: 74.60
[[34m2025-11-04 17:33:02[0m] (step=0003500) Train Loss: 0.1822, Train Steps/Sec: 2.30, Samples/Sec: 73.47
[[34m2025-11-04 17:33:45[0m] (step=0003600) Train Loss: 0.1783, Train Steps/Sec: 2.32, Samples/Sec: 74.31
[[34m2025-11-04 17:34:27[0m] (step=0003700) Train Loss: 0.1812, Train Steps/Sec: 2.37, Samples/Sec: 75.77
[[34m2025-11-04 17:35:10[0m] (step=0003800) Train Loss: 0.1829, Train Steps/Sec: 2.35, Samples/Sec: 75.14
[[34m2025-11-04 17:35:52[0m] (step=0003900) Train Loss: 0.1829, Train Steps/Sec: 2.36, Samples/Sec: 75.60
[[34m2025-11-04 17:36:34[0m] (step=0004000) Train Loss: 0.1807, Train Steps/Sec: 2.36, Samples/Sec: 75.63
[[34m2025-11-04 17:37:18[0m] (step=0004100) Train Loss: 0.1738, Train Steps/Sec: 2.30, Samples/Sec: 73.66
[[34m2025-11-04 17:38:00[0m] (step=0004200) Train Loss: 0.1848, Train Steps/Sec: 2.34, Samples/Sec: 75.00
[[34m2025-11-04 17:38:43[0m] (step=0004300) Train Loss: 0.1895, Train Steps/Sec: 2.33, Samples/Sec: 74.47
[[34m2025-11-04 17:39:26[0m] (step=0004400) Train Loss: 0.1811, Train Steps/Sec: 2.35, Samples/Sec: 75.21
[[34m2025-11-04 17:40:08[0m] (step=0004500) Train Loss: 0.1807, Train Steps/Sec: 2.36, Samples/Sec: 75.48
[[34m2025-11-04 17:40:51[0m] (step=0004600) Train Loss: 0.1769, Train Steps/Sec: 2.34, Samples/Sec: 75.00
[[34m2025-11-04 17:41:34[0m] (step=0004700) Train Loss: 0.1796, Train Steps/Sec: 2.34, Samples/Sec: 74.78
[[34m2025-11-04 17:42:18[0m] (step=0004800) Train Loss: 0.1738, Train Steps/Sec: 2.29, Samples/Sec: 73.19
[[34m2025-11-04 17:43:00[0m] (step=0004900) Train Loss: 0.1729, Train Steps/Sec: 2.34, Samples/Sec: 75.00
[[34m2025-11-04 17:43:43[0m] (step=0005000) Train Loss: 0.1734, Train Steps/Sec: 2.36, Samples/Sec: 75.51
[[34m2025-11-04 17:44:26[0m] (step=0005100) Train Loss: 0.1802, Train Steps/Sec: 2.32, Samples/Sec: 74.36
[[34m2025-11-04 17:45:09[0m] (step=0005200) Train Loss: 0.1837, Train Steps/Sec: 2.33, Samples/Sec: 74.60
[[34m2025-11-04 17:45:51[0m] (step=0005300) Train Loss: 0.1842, Train Steps/Sec: 2.35, Samples/Sec: 75.23
[[34m2025-11-04 17:46:35[0m] (step=0005400) Train Loss: 0.1745, Train Steps/Sec: 2.30, Samples/Sec: 73.73
[[34m2025-11-04 17:47:18[0m] (step=0005500) Train Loss: 0.1796, Train Steps/Sec: 2.31, Samples/Sec: 73.78
[[34m2025-11-04 17:48:01[0m] (step=0005600) Train Loss: 0.1746, Train Steps/Sec: 2.34, Samples/Sec: 74.93
[[34m2025-11-04 17:48:43[0m] (step=0005700) Train Loss: 0.1796, Train Steps/Sec: 2.36, Samples/Sec: 75.61
[[34m2025-11-04 17:49:26[0m] (step=0005800) Train Loss: 0.1875, Train Steps/Sec: 2.35, Samples/Sec: 75.13
[[34m2025-11-04 17:50:08[0m] (step=0005900) Train Loss: 0.1859, Train Steps/Sec: 2.34, Samples/Sec: 74.91
[[34m2025-11-04 17:50:51[0m] (step=0006000) Train Loss: 0.1823, Train Steps/Sec: 2.35, Samples/Sec: 75.09
[[34m2025-11-04 17:51:34[0m] (step=0006100) Train Loss: 0.1723, Train Steps/Sec: 2.30, Samples/Sec: 73.69
[[34m2025-11-04 17:52:17[0m] (step=0006200) Train Loss: 0.1773, Train Steps/Sec: 2.33, Samples/Sec: 74.64
[[34m2025-11-04 17:53:01[0m] (step=0006300) Train Loss: 0.1808, Train Steps/Sec: 2.31, Samples/Sec: 73.86
[[34m2025-11-04 17:53:43[0m] (step=0006400) Train Loss: 0.1885, Train Steps/Sec: 2.36, Samples/Sec: 75.39
[[34m2025-11-04 17:54:26[0m] (step=0006500) Train Loss: 0.1785, Train Steps/Sec: 2.32, Samples/Sec: 74.34
[[34m2025-11-04 17:55:09[0m] (step=0006600) Train Loss: 0.1783, Train Steps/Sec: 2.34, Samples/Sec: 74.74
[[34m2025-11-04 17:55:52[0m] (step=0006700) Train Loss: 0.1764, Train Steps/Sec: 2.30, Samples/Sec: 73.53
[[34m2025-11-04 17:56:35[0m] (step=0006800) Train Loss: 0.1732, Train Steps/Sec: 2.34, Samples/Sec: 74.89
[[34m2025-11-04 17:57:18[0m] (step=0006900) Train Loss: 0.1743, Train Steps/Sec: 2.35, Samples/Sec: 75.18
[[34m2025-11-04 17:58:01[0m] (step=0007000) Train Loss: 0.1691, Train Steps/Sec: 2.34, Samples/Sec: 74.98
[[34m2025-11-04 17:58:44[0m] (step=0007100) Train Loss: 0.1761, Train Steps/Sec: 2.32, Samples/Sec: 74.32
[[34m2025-11-04 17:59:26[0m] (step=0007200) Train Loss: 0.1717, Train Steps/Sec: 2.34, Samples/Sec: 74.96
[[34m2025-11-04 18:00:09[0m] (step=0007300) Train Loss: 0.1724, Train Steps/Sec: 2.32, Samples/Sec: 74.15
[[34m2025-11-04 18:00:52[0m] (step=0007400) Train Loss: 0.1775, Train Steps/Sec: 2.35, Samples/Sec: 75.34
[[34m2025-11-04 18:01:34[0m] (step=0007500) Train Loss: 0.1672, Train Steps/Sec: 2.39, Samples/Sec: 76.48
[[34m2025-11-04 18:02:17[0m] (step=0007600) Train Loss: 0.1740, Train Steps/Sec: 2.33, Samples/Sec: 74.49
[[34m2025-11-04 18:03:00[0m] (step=0007700) Train Loss: 0.1733, Train Steps/Sec: 2.34, Samples/Sec: 74.91
[[34m2025-11-04 18:03:42[0m] (step=0007800) Train Loss: 0.1780, Train Steps/Sec: 2.35, Samples/Sec: 75.22
[[34m2025-11-04 18:04:25[0m] (step=0007900) Train Loss: 0.1713, Train Steps/Sec: 2.33, Samples/Sec: 74.69
[[34m2025-11-04 18:05:08[0m] (step=0008000) Train Loss: 0.1783, Train Steps/Sec: 2.32, Samples/Sec: 74.27
[[34m2025-11-04 18:05:51[0m] (step=0008100) Train Loss: 0.1677, Train Steps/Sec: 2.33, Samples/Sec: 74.63
[[34m2025-11-04 18:06:34[0m] (step=0008200) Train Loss: 0.1710, Train Steps/Sec: 2.34, Samples/Sec: 74.75
[[34m2025-11-04 18:07:17[0m] (step=0008300) Train Loss: 0.1756, Train Steps/Sec: 2.32, Samples/Sec: 74.38
[[34m2025-11-04 18:08:00[0m] (step=0008400) Train Loss: 0.1765, Train Steps/Sec: 2.34, Samples/Sec: 74.79
[[34m2025-11-04 18:08:43[0m] (step=0008500) Train Loss: 0.1803, Train Steps/Sec: 2.33, Samples/Sec: 74.49
[[34m2025-11-04 18:09:25[0m] (step=0008600) Train Loss: 0.1720, Train Steps/Sec: 2.35, Samples/Sec: 75.04
[[34m2025-11-04 18:10:08[0m] (step=0008700) Train Loss: 0.1746, Train Steps/Sec: 2.34, Samples/Sec: 74.77
[[34m2025-11-04 18:10:51[0m] (step=0008800) Train Loss: 0.1738, Train Steps/Sec: 2.35, Samples/Sec: 75.12
[[34m2025-11-04 18:11:34[0m] (step=0008900) Train Loss: 0.1782, Train Steps/Sec: 2.31, Samples/Sec: 73.86
[[34m2025-11-04 18:12:17[0m] (step=0009000) Train Loss: 0.1772, Train Steps/Sec: 2.35, Samples/Sec: 75.11
[[34m2025-11-04 18:12:59[0m] (step=0009100) Train Loss: 0.1877, Train Steps/Sec: 2.36, Samples/Sec: 75.67
[[34m2025-11-04 18:13:41[0m] (step=0009200) Train Loss: 0.1672, Train Steps/Sec: 2.37, Samples/Sec: 75.95
[[34m2025-11-04 18:14:23[0m] (step=0009300) Train Loss: 0.1731, Train Steps/Sec: 2.37, Samples/Sec: 75.68
[[34m2025-11-04 18:15:06[0m] (step=0009400) Train Loss: 0.1822, Train Steps/Sec: 2.36, Samples/Sec: 75.45
[[34m2025-11-04 18:15:49[0m] (step=0009500) Train Loss: 0.1809, Train Steps/Sec: 2.32, Samples/Sec: 74.19
[[34m2025-11-04 18:16:32[0m] (step=0009600) Train Loss: 0.1741, Train Steps/Sec: 2.33, Samples/Sec: 74.67
[[34m2025-11-04 18:17:15[0m] (step=0009700) Train Loss: 0.1670, Train Steps/Sec: 2.33, Samples/Sec: 74.50
[[34m2025-11-04 18:17:57[0m] (step=0009800) Train Loss: 0.1802, Train Steps/Sec: 2.37, Samples/Sec: 75.79
[[34m2025-11-04 18:18:39[0m] (step=0009900) Train Loss: 0.1759, Train Steps/Sec: 2.36, Samples/Sec: 75.45
[[34m2025-11-04 18:19:23[0m] (step=0010000) Train Loss: 0.1765, Train Steps/Sec: 2.33, Samples/Sec: 74.59
Using cache found in ./models/facebookresearch_dino_main
Using cache found in ./models/facebookresearch_dino_main
Using cache found in ./models/facebookresearch_dino_main
Using cache found in ./models/facebookresearch_dino_main
Using cache found in ./models/facebookresearch_dino_main
Using cache found in ./models/facebookresearch_dino_main
Using cache found in ./models/facebookresearch_dino_main
/data1/tpz/anaconda3/envs/nwm3/lib/python3.10/site-packages/torch/nn/utils/weight_norm.py:143: FutureWarning: `torch.nn.utils.weight_norm` is deprecated in favor of `torch.nn.utils.parametrizations.weight_norm`.
  WeightNorm.apply(module, name, dim)
/data1/tpz/anaconda3/envs/nwm3/lib/python3.10/site-packages/torch/nn/utils/weight_norm.py:143: FutureWarning: `torch.nn.utils.weight_norm` is deprecated in favor of `torch.nn.utils.parametrizations.weight_norm`.
  WeightNorm.apply(module, name, dim)
/data1/tpz/anaconda3/envs/nwm3/lib/python3.10/site-packages/torch/nn/utils/weight_norm.py:143: FutureWarning: `torch.nn.utils.weight_norm` is deprecated in favor of `torch.nn.utils.parametrizations.weight_norm`.
  WeightNorm.apply(module, name, dim)
/data1/tpz/anaconda3/envs/nwm3/lib/python3.10/site-packages/torch/nn/utils/weight_norm.py:143: FutureWarning: `torch.nn.utils.weight_norm` is deprecated in favor of `torch.nn.utils.parametrizations.weight_norm`.
  WeightNorm.apply(module, name, dim)
/data1/tpz/anaconda3/envs/nwm3/lib/python3.10/site-packages/torch/nn/utils/weight_norm.py:143: FutureWarning: `torch.nn.utils.weight_norm` is deprecated in favor of `torch.nn.utils.parametrizations.weight_norm`.
  WeightNorm.apply(module, name, dim)
/data1/tpz/anaconda3/envs/nwm3/lib/python3.10/site-packages/torch/nn/utils/weight_norm.py:143: FutureWarning: `torch.nn.utils.weight_norm` is deprecated in favor of `torch.nn.utils.parametrizations.weight_norm`.
  WeightNorm.apply(module, name, dim)
/data1/tpz/anaconda3/envs/nwm3/lib/python3.10/site-packages/torch/nn/utils/weight_norm.py:143: FutureWarning: `torch.nn.utils.weight_norm` is deprecated in favor of `torch.nn.utils.parametrizations.weight_norm`.
  WeightNorm.apply(module, name, dim)
/data1/tpz/anaconda3/envs/nwm3/lib/python3.10/site-packages/peft/tuners/tuners_utils.py:190: UserWarning: Already found a `peft_config` attribute in the model. This will lead to having multiple adapters in the model. Make sure to know what you are doing!
  warnings.warn(
/data1/tpz/anaconda3/envs/nwm3/lib/python3.10/site-packages/peft/tuners/tuners_utils.py:190: UserWarning: Already found a `peft_config` attribute in the model. This will lead to having multiple adapters in the model. Make sure to know what you are doing!
  warnings.warn(
/data1/tpz/anaconda3/envs/nwm3/lib/python3.10/site-packages/peft/tuners/tuners_utils.py:190: UserWarning: Already found a `peft_config` attribute in the model. This will lead to having multiple adapters in the model. Make sure to know what you are doing!
  warnings.warn(
/data1/tpz/anaconda3/envs/nwm3/lib/python3.10/site-packages/peft/tuners/tuners_utils.py:190: UserWarning: Already found a `peft_config` attribute in the model. This will lead to having multiple adapters in the model. Make sure to know what you are doing!
  warnings.warn(
/data1/tpz/anaconda3/envs/nwm3/lib/python3.10/site-packages/peft/tuners/tuners_utils.py:190: UserWarning: Already found a `peft_config` attribute in the model. This will lead to having multiple adapters in the model. Make sure to know what you are doing!
  warnings.warn(
/data1/tpz/anaconda3/envs/nwm3/lib/python3.10/site-packages/peft/tuners/tuners_utils.py:190: UserWarning: Already found a `peft_config` attribute in the model. This will lead to having multiple adapters in the model. Make sure to know what you are doing!
  warnings.warn(
/data1/tpz/anaconda3/envs/nwm3/lib/python3.10/site-packages/peft/tuners/tuners_utils.py:190: UserWarning: Already found a `peft_config` attribute in the model. This will lead to having multiple adapters in the model. Make sure to know what you are doing!
  warnings.warn(
[rank7]: Traceback (most recent call last):
[rank7]:   File "/data1/tpz/nwm-main/train_v9.py", line 629, in <module>
[rank7]:     main(args)
[rank7]:   File "/data1/tpz/nwm-main/train_v9.py", line 540, in main
[rank7]:     sim_score = evaluate(ema, tokenizer, diffusion, test_dataset, rank, config["batch_size"], config["num_workers"], latent_size, device, save_dir, args.global_seed, bfloat_enable, num_cond)
[rank7]:   File "/data1/tpz/anaconda3/envs/nwm3/lib/python3.10/site-packages/torch/utils/_contextlib.py", line 116, in decorate_context
[rank7]:     return func(*args, **kwargs)
[rank7]:   File "/data1/tpz/nwm-main/train_v9.py", line 577, in evaluate
[rank7]:     for x, y, rel_t, aug, camera_mats in loader:
[rank7]: ValueError: too many values to unpack (expected 5)
[rank6]: Traceback (most recent call last):
[rank6]:   File "/data1/tpz/nwm-main/train_v9.py", line 629, in <module>
[rank6]:     main(args)
[rank6]:   File "/data1/tpz/nwm-main/train_v9.py", line 540, in main
[rank6]:     sim_score = evaluate(ema, tokenizer, diffusion, test_dataset, rank, config["batch_size"], config["num_workers"], latent_size, device, save_dir, args.global_seed, bfloat_enable, num_cond)
[rank6]:   File "/data1/tpz/anaconda3/envs/nwm3/lib/python3.10/site-packages/torch/utils/_contextlib.py", line 116, in decorate_context
[rank6]:     return func(*args, **kwargs)
[rank6]:   File "/data1/tpz/nwm-main/train_v9.py", line 577, in evaluate
[rank6]:     for x, y, rel_t, aug, camera_mats in loader:
[rank6]: ValueError: too many values to unpack (expected 5)
[rank1]: Traceback (most recent call last):
[rank1]:   File "/data1/tpz/nwm-main/train_v9.py", line 629, in <module>
[rank1]:     main(args)
[rank1]:   File "/data1/tpz/nwm-main/train_v9.py", line 540, in main
[rank1]:     sim_score = evaluate(ema, tokenizer, diffusion, test_dataset, rank, config["batch_size"], config["num_workers"], latent_size, device, save_dir, args.global_seed, bfloat_enable, num_cond)
[rank1]:   File "/data1/tpz/anaconda3/envs/nwm3/lib/python3.10/site-packages/torch/utils/_contextlib.py", line 116, in decorate_context
[rank1]:     return func(*args, **kwargs)
[rank1]:   File "/data1/tpz/nwm-main/train_v9.py", line 577, in evaluate
[rank1]:     for x, y, rel_t, aug, camera_mats in loader:
[rank1]: ValueError: too many values to unpack (expected 5)
[rank2]: Traceback (most recent call last):
[rank2]:   File "/data1/tpz/nwm-main/train_v9.py", line 629, in <module>
[rank2]:     main(args)
[rank2]:   File "/data1/tpz/nwm-main/train_v9.py", line 540, in main
[rank2]:     sim_score = evaluate(ema, tokenizer, diffusion, test_dataset, rank, config["batch_size"], config["num_workers"], latent_size, device, save_dir, args.global_seed, bfloat_enable, num_cond)
[rank2]:   File "/data1/tpz/anaconda3/envs/nwm3/lib/python3.10/site-packages/torch/utils/_contextlib.py", line 116, in decorate_context
[rank2]:     return func(*args, **kwargs)
[rank2]:   File "/data1/tpz/nwm-main/train_v9.py", line 577, in evaluate
[rank2]:     for x, y, rel_t, aug, camera_mats in loader:
[rank2]: ValueError: too many values to unpack (expected 5)
[rank5]: Traceback (most recent call last):
[rank5]:   File "/data1/tpz/nwm-main/train_v9.py", line 629, in <module>
[rank5]:     main(args)
[rank5]:   File "/data1/tpz/nwm-main/train_v9.py", line 540, in main
[rank5]:     sim_score = evaluate(ema, tokenizer, diffusion, test_dataset, rank, config["batch_size"], config["num_workers"], latent_size, device, save_dir, args.global_seed, bfloat_enable, num_cond)
[rank5]:   File "/data1/tpz/anaconda3/envs/nwm3/lib/python3.10/site-packages/torch/utils/_contextlib.py", line 116, in decorate_context
[rank5]:     return func(*args, **kwargs)
[rank5]:   File "/data1/tpz/nwm-main/train_v9.py", line 577, in evaluate
[rank5]:     for x, y, rel_t, aug, camera_mats in loader:
[rank5]: ValueError: too many values to unpack (expected 5)
[rank4]: Traceback (most recent call last):
[rank4]:   File "/data1/tpz/nwm-main/train_v9.py", line 629, in <module>
[rank4]:     main(args)
[rank4]:   File "/data1/tpz/nwm-main/train_v9.py", line 540, in main
[rank4]:     sim_score = evaluate(ema, tokenizer, diffusion, test_dataset, rank, config["batch_size"], config["num_workers"], latent_size, device, save_dir, args.global_seed, bfloat_enable, num_cond)
[rank4]:   File "/data1/tpz/anaconda3/envs/nwm3/lib/python3.10/site-packages/torch/utils/_contextlib.py", line 116, in decorate_context
[rank4]:     return func(*args, **kwargs)
[rank4]:   File "/data1/tpz/nwm-main/train_v9.py", line 577, in evaluate
[rank4]:     for x, y, rel_t, aug, camera_mats in loader:
[rank4]: ValueError: too many values to unpack (expected 5)
[rank3]: Traceback (most recent call last):
[rank3]:   File "/data1/tpz/nwm-main/train_v9.py", line 629, in <module>
[rank3]:     main(args)
[rank3]:   File "/data1/tpz/nwm-main/train_v9.py", line 540, in main
[rank3]:     sim_score = evaluate(ema, tokenizer, diffusion, test_dataset, rank, config["batch_size"], config["num_workers"], latent_size, device, save_dir, args.global_seed, bfloat_enable, num_cond)
[rank3]:   File "/data1/tpz/anaconda3/envs/nwm3/lib/python3.10/site-packages/torch/utils/_contextlib.py", line 116, in decorate_context
[rank3]:     return func(*args, **kwargs)
[rank3]:   File "/data1/tpz/nwm-main/train_v9.py", line 577, in evaluate
[rank3]:     for x, y, rel_t, aug, camera_mats in loader:
[rank3]: ValueError: too many values to unpack (expected 5)
[[34m2025-11-04 18:19:47[0m] Saved checkpoint to logs/nwm_cdit_airvln_v9/checkpoints/latest.pth.tar
Using cache found in ./models/facebookresearch_dino_main
/data1/tpz/anaconda3/envs/nwm3/lib/python3.10/site-packages/torch/nn/utils/weight_norm.py:143: FutureWarning: `torch.nn.utils.weight_norm` is deprecated in favor of `torch.nn.utils.parametrizations.weight_norm`.
  WeightNorm.apply(module, name, dim)
/data1/tpz/anaconda3/envs/nwm3/lib/python3.10/site-packages/peft/tuners/tuners_utils.py:190: UserWarning: Already found a `peft_config` attribute in the model. This will lead to having multiple adapters in the model. Make sure to know what you are doing!
  warnings.warn(
[rank0]: Traceback (most recent call last):
[rank0]:   File "/data1/tpz/nwm-main/train_v9.py", line 629, in <module>
[rank0]:     main(args)
[rank0]:   File "/data1/tpz/nwm-main/train_v9.py", line 540, in main
[rank0]:     sim_score = evaluate(ema, tokenizer, diffusion, test_dataset, rank, config["batch_size"], config["num_workers"], latent_size, device, save_dir, args.global_seed, bfloat_enable, num_cond)
[rank0]:   File "/data1/tpz/anaconda3/envs/nwm3/lib/python3.10/site-packages/torch/utils/_contextlib.py", line 116, in decorate_context
[rank0]:     return func(*args, **kwargs)
[rank0]:   File "/data1/tpz/nwm-main/train_v9.py", line 577, in evaluate
[rank0]:     for x, y, rel_t, aug, camera_mats in loader:
[rank0]: ValueError: too many values to unpack (expected 5)
W1104 18:20:35.730000 1420741 site-packages/torch/distributed/elastic/multiprocessing/api.py:897] Sending process 1420822 closing signal SIGTERM
W1104 18:20:35.731000 1420741 site-packages/torch/distributed/elastic/multiprocessing/api.py:897] Sending process 1420823 closing signal SIGTERM
W1104 18:20:35.734000 1420741 site-packages/torch/distributed/elastic/multiprocessing/api.py:897] Sending process 1420824 closing signal SIGTERM
W1104 18:20:35.735000 1420741 site-packages/torch/distributed/elastic/multiprocessing/api.py:897] Sending process 1420825 closing signal SIGTERM
W1104 18:20:35.738000 1420741 site-packages/torch/distributed/elastic/multiprocessing/api.py:897] Sending process 1420826 closing signal SIGTERM
W1104 18:20:35.739000 1420741 site-packages/torch/distributed/elastic/multiprocessing/api.py:897] Sending process 1420827 closing signal SIGTERM
W1104 18:20:35.742000 1420741 site-packages/torch/distributed/elastic/multiprocessing/api.py:897] Sending process 1420828 closing signal SIGTERM
E1104 18:20:38.089000 1420741 site-packages/torch/distributed/elastic/multiprocessing/api.py:869] failed (exitcode: 1) local_rank: 7 (pid: 1420829) of binary: /data1/tpz/anaconda3/envs/nwm3/bin/python3.10
Traceback (most recent call last):
  File "/data1/tpz/anaconda3/envs/nwm3/bin/torchrun", line 8, in <module>
    sys.exit(main())
  File "/data1/tpz/anaconda3/envs/nwm3/lib/python3.10/site-packages/torch/distributed/elastic/multiprocessing/errors/__init__.py", line 355, in wrapper
    return f(*args, **kwargs)
  File "/data1/tpz/anaconda3/envs/nwm3/lib/python3.10/site-packages/torch/distributed/run.py", line 919, in main
    run(args)
  File "/data1/tpz/anaconda3/envs/nwm3/lib/python3.10/site-packages/torch/distributed/run.py", line 910, in run
    elastic_launch(
  File "/data1/tpz/anaconda3/envs/nwm3/lib/python3.10/site-packages/torch/distributed/launcher/api.py", line 138, in __call__
    return launch_agent(self._config, self._entrypoint, list(args))
  File "/data1/tpz/anaconda3/envs/nwm3/lib/python3.10/site-packages/torch/distributed/launcher/api.py", line 269, in launch_agent
    raise ChildFailedError(
torch.distributed.elastic.multiprocessing.errors.ChildFailedError: 
============================================================
train_v9.py FAILED
------------------------------------------------------------
Failures:
  <NO_OTHER_FAILURES>
------------------------------------------------------------
Root Cause (first observed failure):
[0]:
  time      : 2025-11-04_18:20:35
  host      : localhost
  rank      : 7 (local_rank: 7)
  exitcode  : 1 (pid: 1420829)
  error_file: <N/A>
  traceback : To enable traceback see: https://pytorch.org/docs/stable/elastic/errors.html
============================================================
