[2025-06-07 16:03:38,342] torch.distributed.run: [WARNING] 
[2025-06-07 16:03:38,342] torch.distributed.run: [WARNING] *****************************************
[2025-06-07 16:03:38,342] torch.distributed.run: [WARNING] Setting OMP_NUM_THREADS environment variable for each process to be 1 in default, to avoid your system being overloaded, please further tune the variable for optimal performance in your application as needed. 
[2025-06-07 16:03:38,342] torch.distributed.run: [WARNING] *****************************************
[[34m2025-06-07 16:03:41[0m] Experiment directory created at logs/nwm_cdit_recon
[[34m2025-06-07 16:03:53[0m] CDiT Parameters: 1,019,927,840
[[34m2025-06-07 16:03:54[0m] Dataset contains 132,929 images
[[34m2025-06-07 16:03:54[0m] Training for 300 epochs...
[[34m2025-06-07 16:03:54[0m] Beginning epoch 0...
[[34m2025-06-07 16:04:47[0m] (step=0000100) Train Loss: 0.3141, Train Steps/Sec: 1.89, Samples/Sec: 67.91
[[34m2025-06-07 16:05:39[0m] (step=0000200) Train Loss: 0.1959, Train Steps/Sec: 1.93, Samples/Sec: 69.43
[[34m2025-06-07 16:06:30[0m] (step=0000300) Train Loss: 0.2008, Train Steps/Sec: 1.94, Samples/Sec: 69.73
[[34m2025-06-07 16:07:22[0m] (step=0000400) Train Loss: 0.1794, Train Steps/Sec: 1.94, Samples/Sec: 70.00
[[34m2025-06-07 16:08:13[0m] (step=0000500) Train Loss: 0.1841, Train Steps/Sec: 1.94, Samples/Sec: 70.01
[[34m2025-06-07 16:09:05[0m] (step=0000600) Train Loss: 0.1820, Train Steps/Sec: 1.94, Samples/Sec: 69.89
[[34m2025-06-07 16:09:56[0m] (step=0000700) Train Loss: 0.1835, Train Steps/Sec: 1.93, Samples/Sec: 69.64
[[34m2025-06-07 16:10:48[0m] (step=0000800) Train Loss: 0.1774, Train Steps/Sec: 1.93, Samples/Sec: 69.41
[[34m2025-06-07 16:11:40[0m] (step=0000900) Train Loss: 0.1799, Train Steps/Sec: 1.94, Samples/Sec: 69.69
[[34m2025-06-07 16:12:31[0m] (step=0001000) Train Loss: 0.1807, Train Steps/Sec: 1.94, Samples/Sec: 69.71
[[34m2025-06-07 16:13:23[0m] (step=0001100) Train Loss: 0.1855, Train Steps/Sec: 1.94, Samples/Sec: 69.72
[[34m2025-06-07 16:14:15[0m] (step=0001200) Train Loss: 0.1699, Train Steps/Sec: 1.94, Samples/Sec: 69.71
[[34m2025-06-07 16:15:06[0m] (step=0001300) Train Loss: 0.1684, Train Steps/Sec: 1.94, Samples/Sec: 69.66
[[34m2025-06-07 16:15:58[0m] (step=0001400) Train Loss: 0.1646, Train Steps/Sec: 1.94, Samples/Sec: 69.68
[[34m2025-06-07 16:16:50[0m] (step=0001500) Train Loss: 0.1674, Train Steps/Sec: 1.93, Samples/Sec: 69.40
[[34m2025-06-07 16:17:42[0m] (step=0001600) Train Loss: 0.1690, Train Steps/Sec: 1.93, Samples/Sec: 69.64
[[34m2025-06-07 16:18:33[0m] (step=0001700) Train Loss: 0.1736, Train Steps/Sec: 1.94, Samples/Sec: 69.67
[[34m2025-06-07 16:19:25[0m] (step=0001800) Train Loss: 0.1767, Train Steps/Sec: 1.94, Samples/Sec: 69.66
[[34m2025-06-07 16:20:17[0m] (step=0001900) Train Loss: 0.1725, Train Steps/Sec: 1.94, Samples/Sec: 69.68
[[34m2025-06-07 16:21:08[0m] (step=0002000) Train Loss: 0.1620, Train Steps/Sec: 1.94, Samples/Sec: 69.69
[[34m2025-06-07 16:21:24[0m] Saved checkpoint to logs/nwm_cdit_recon/checkpoints/latest.pth.tar
[[34m2025-06-07 16:22:16[0m] (step=0002100) Train Loss: 0.1654, Train Steps/Sec: 1.47, Samples/Sec: 53.04
[[34m2025-06-07 16:23:08[0m] (step=0002200) Train Loss: 0.1717, Train Steps/Sec: 1.94, Samples/Sec: 69.76
[[34m2025-06-07 16:23:59[0m] (step=0002300) Train Loss: 0.1814, Train Steps/Sec: 1.94, Samples/Sec: 69.72
[[34m2025-06-07 16:24:51[0m] (step=0002400) Train Loss: 0.1613, Train Steps/Sec: 1.94, Samples/Sec: 69.73
[[34m2025-06-07 16:25:43[0m] (step=0002500) Train Loss: 0.1588, Train Steps/Sec: 1.94, Samples/Sec: 69.71
[[34m2025-06-07 16:26:34[0m] (step=0002600) Train Loss: 0.1659, Train Steps/Sec: 1.94, Samples/Sec: 69.79
[[34m2025-06-07 16:27:26[0m] (step=0002700) Train Loss: 0.1677, Train Steps/Sec: 1.93, Samples/Sec: 69.58
[[34m2025-06-07 16:28:18[0m] (step=0002800) Train Loss: 0.1732, Train Steps/Sec: 1.93, Samples/Sec: 69.45
[[34m2025-06-07 16:29:09[0m] (step=0002900) Train Loss: 0.1625, Train Steps/Sec: 1.94, Samples/Sec: 69.72
[[34m2025-06-07 16:30:01[0m] (step=0003000) Train Loss: 0.1593, Train Steps/Sec: 1.94, Samples/Sec: 69.69
[[34m2025-06-07 16:30:53[0m] (step=0003100) Train Loss: 0.1669, Train Steps/Sec: 1.94, Samples/Sec: 69.72
[[34m2025-06-07 16:31:44[0m] (step=0003200) Train Loss: 0.1561, Train Steps/Sec: 1.94, Samples/Sec: 69.70
[[34m2025-06-07 16:32:36[0m] (step=0003300) Train Loss: 0.1608, Train Steps/Sec: 1.94, Samples/Sec: 69.69
[[34m2025-06-07 16:33:28[0m] (step=0003400) Train Loss: 0.1582, Train Steps/Sec: 1.93, Samples/Sec: 69.34
[[34m2025-06-07 16:34:20[0m] (step=0003500) Train Loss: 0.1620, Train Steps/Sec: 1.94, Samples/Sec: 69.75
[[34m2025-06-07 16:35:11[0m] (step=0003600) Train Loss: 0.1617, Train Steps/Sec: 1.94, Samples/Sec: 69.74
[[34m2025-06-07 16:36:03[0m] (step=0003700) Train Loss: 0.1545, Train Steps/Sec: 1.94, Samples/Sec: 69.72
[[34m2025-06-07 16:36:54[0m] (step=0003800) Train Loss: 0.1584, Train Steps/Sec: 1.94, Samples/Sec: 69.74
[[34m2025-06-07 16:37:46[0m] (step=0003900) Train Loss: 0.1631, Train Steps/Sec: 1.94, Samples/Sec: 69.73
[[34m2025-06-07 16:38:38[0m] (step=0004000) Train Loss: 0.1567, Train Steps/Sec: 1.93, Samples/Sec: 69.61
[[34m2025-06-07 16:38:55[0m] Saved checkpoint to logs/nwm_cdit_recon/checkpoints/latest.pth.tar
[[34m2025-06-07 16:39:47[0m] (step=0004100) Train Loss: 0.1515, Train Steps/Sec: 1.45, Samples/Sec: 52.36
[[34m2025-06-07 16:40:38[0m] (step=0004200) Train Loss: 0.1627, Train Steps/Sec: 1.94, Samples/Sec: 69.74
[[34m2025-06-07 16:41:30[0m] (step=0004300) Train Loss: 0.1745, Train Steps/Sec: 1.94, Samples/Sec: 69.70
[[34m2025-06-07 16:42:21[0m] (step=0004400) Train Loss: 0.1588, Train Steps/Sec: 1.94, Samples/Sec: 69.72
[[34m2025-06-07 16:43:13[0m] (step=0004500) Train Loss: 0.1558, Train Steps/Sec: 1.94, Samples/Sec: 69.74
[[34m2025-06-07 16:44:05[0m] (step=0004600) Train Loss: 0.1588, Train Steps/Sec: 1.94, Samples/Sec: 69.70
[[34m2025-06-07 16:44:56[0m] (step=0004700) Train Loss: 0.1494, Train Steps/Sec: 1.93, Samples/Sec: 69.59
[[34m2025-06-07 16:45:48[0m] (step=0004800) Train Loss: 0.1514, Train Steps/Sec: 1.93, Samples/Sec: 69.62
[[34m2025-06-07 16:46:40[0m] (step=0004900) Train Loss: 0.1518, Train Steps/Sec: 1.94, Samples/Sec: 69.71
[[34m2025-06-07 16:47:31[0m] (step=0005000) Train Loss: 0.1516, Train Steps/Sec: 1.94, Samples/Sec: 69.72
[[34m2025-06-07 16:48:23[0m] (step=0005100) Train Loss: 0.1559, Train Steps/Sec: 1.94, Samples/Sec: 69.75
[[34m2025-06-07 16:49:15[0m] (step=0005200) Train Loss: 0.1644, Train Steps/Sec: 1.94, Samples/Sec: 69.73
[[34m2025-06-07 16:50:06[0m] (step=0005300) Train Loss: 0.1496, Train Steps/Sec: 1.93, Samples/Sec: 69.60
[[34m2025-06-07 16:50:58[0m] (step=0005400) Train Loss: 0.1595, Train Steps/Sec: 1.93, Samples/Sec: 69.51
[[34m2025-06-07 16:51:50[0m] (step=0005500) Train Loss: 0.1495, Train Steps/Sec: 1.94, Samples/Sec: 69.68
[[34m2025-06-07 16:52:42[0m] (step=0005600) Train Loss: 0.1533, Train Steps/Sec: 1.93, Samples/Sec: 69.47
[[34m2025-06-07 16:53:33[0m] (step=0005700) Train Loss: 0.1531, Train Steps/Sec: 1.94, Samples/Sec: 69.76
[[34m2025-06-07 16:54:25[0m] (step=0005800) Train Loss: 0.1555, Train Steps/Sec: 1.94, Samples/Sec: 69.76
[[34m2025-06-07 16:55:17[0m] (step=0005900) Train Loss: 0.1605, Train Steps/Sec: 1.93, Samples/Sec: 69.63
[[34m2025-06-07 16:56:08[0m] (step=0006000) Train Loss: 0.1533, Train Steps/Sec: 1.94, Samples/Sec: 69.75
[[34m2025-06-07 16:56:25[0m] Saved checkpoint to logs/nwm_cdit_recon/checkpoints/latest.pth.tar
[[34m2025-06-07 16:57:17[0m] (step=0006100) Train Loss: 0.1476, Train Steps/Sec: 1.46, Samples/Sec: 52.54
[[34m2025-06-07 16:58:08[0m] (step=0006200) Train Loss: 0.1476, Train Steps/Sec: 1.94, Samples/Sec: 69.77
[[34m2025-06-07 16:59:00[0m] (step=0006300) Train Loss: 0.1545, Train Steps/Sec: 1.94, Samples/Sec: 69.75
[[34m2025-06-07 16:59:52[0m] (step=0006400) Train Loss: 0.1535, Train Steps/Sec: 1.93, Samples/Sec: 69.60
[[34m2025-06-07 17:00:43[0m] (step=0006500) Train Loss: 0.1514, Train Steps/Sec: 1.93, Samples/Sec: 69.63
[[34m2025-06-07 17:01:35[0m] (step=0006600) Train Loss: 0.1570, Train Steps/Sec: 1.94, Samples/Sec: 69.78
[[34m2025-06-07 17:02:27[0m] (step=0006700) Train Loss: 0.1466, Train Steps/Sec: 1.93, Samples/Sec: 69.52
[[34m2025-06-07 17:03:18[0m] (step=0006800) Train Loss: 0.1453, Train Steps/Sec: 1.94, Samples/Sec: 69.73
[[34m2025-06-07 17:04:10[0m] (step=0006900) Train Loss: 0.1458, Train Steps/Sec: 1.94, Samples/Sec: 69.74
[[34m2025-06-07 17:05:02[0m] (step=0007000) Train Loss: 0.1411, Train Steps/Sec: 1.94, Samples/Sec: 69.72
[[34m2025-06-07 17:05:53[0m] (step=0007100) Train Loss: 0.1494, Train Steps/Sec: 1.93, Samples/Sec: 69.56
[[34m2025-06-07 17:06:45[0m] (step=0007200) Train Loss: 0.1542, Train Steps/Sec: 1.94, Samples/Sec: 69.70
[[34m2025-06-07 17:07:37[0m] (step=0007300) Train Loss: 0.1484, Train Steps/Sec: 1.93, Samples/Sec: 69.64
[[34m2025-06-07 17:08:29[0m] (step=0007400) Train Loss: 0.1500, Train Steps/Sec: 1.93, Samples/Sec: 69.51
[[34m2025-06-07 17:09:20[0m] (step=0007500) Train Loss: 0.1412, Train Steps/Sec: 1.94, Samples/Sec: 69.76
[[34m2025-06-07 17:10:12[0m] (step=0007600) Train Loss: 0.1491, Train Steps/Sec: 1.94, Samples/Sec: 69.76
[[34m2025-06-07 17:11:03[0m] (step=0007700) Train Loss: 0.1543, Train Steps/Sec: 1.94, Samples/Sec: 69.77
[[34m2025-06-07 17:11:55[0m] (step=0007800) Train Loss: 0.1537, Train Steps/Sec: 1.93, Samples/Sec: 69.62
[[34m2025-06-07 17:12:47[0m] (step=0007900) Train Loss: 0.1476, Train Steps/Sec: 1.94, Samples/Sec: 69.70
[[34m2025-06-07 17:13:38[0m] (step=0008000) Train Loss: 0.1402, Train Steps/Sec: 1.93, Samples/Sec: 69.53
[[34m2025-06-07 17:13:55[0m] Saved checkpoint to logs/nwm_cdit_recon/checkpoints/latest.pth.tar
[[34m2025-06-07 17:14:46[0m] (step=0008100) Train Loss: 0.1485, Train Steps/Sec: 1.47, Samples/Sec: 53.01
[[34m2025-06-07 17:15:38[0m] (step=0008200) Train Loss: 0.1458, Train Steps/Sec: 1.94, Samples/Sec: 69.77
[[34m2025-06-07 17:16:30[0m] (step=0008300) Train Loss: 0.1510, Train Steps/Sec: 1.94, Samples/Sec: 69.75
[[34m2025-06-07 17:17:21[0m] (step=0008400) Train Loss: 0.1495, Train Steps/Sec: 1.93, Samples/Sec: 69.65
[[34m2025-06-07 17:18:13[0m] (step=0008500) Train Loss: 0.1484, Train Steps/Sec: 1.94, Samples/Sec: 69.75
[[34m2025-06-07 17:19:04[0m] (step=0008600) Train Loss: 0.1481, Train Steps/Sec: 1.94, Samples/Sec: 69.81
[[34m2025-06-07 17:19:56[0m] (step=0008700) Train Loss: 0.1465, Train Steps/Sec: 1.93, Samples/Sec: 69.54
[[34m2025-06-07 17:20:48[0m] (step=0008800) Train Loss: 0.1463, Train Steps/Sec: 1.94, Samples/Sec: 69.71
[[34m2025-06-07 17:21:40[0m] (step=0008900) Train Loss: 0.1477, Train Steps/Sec: 1.94, Samples/Sec: 69.74
[[34m2025-06-07 17:22:31[0m] (step=0009000) Train Loss: 0.1560, Train Steps/Sec: 1.93, Samples/Sec: 69.61
[[34m2025-06-07 17:23:23[0m] (step=0009100) Train Loss: 0.1492, Train Steps/Sec: 1.94, Samples/Sec: 69.71
[[34m2025-06-07 17:24:15[0m] (step=0009200) Train Loss: 0.1450, Train Steps/Sec: 1.94, Samples/Sec: 69.73
[[34m2025-06-07 17:25:06[0m] (step=0009300) Train Loss: 0.1439, Train Steps/Sec: 1.93, Samples/Sec: 69.58
[[34m2025-06-07 17:25:58[0m] (step=0009400) Train Loss: 0.1497, Train Steps/Sec: 1.93, Samples/Sec: 69.58
[[34m2025-06-07 17:26:50[0m] (step=0009500) Train Loss: 0.1480, Train Steps/Sec: 1.93, Samples/Sec: 69.32
[[34m2025-06-07 17:27:42[0m] (step=0009600) Train Loss: 0.1402, Train Steps/Sec: 1.93, Samples/Sec: 69.55
[[34m2025-06-07 17:28:33[0m] (step=0009700) Train Loss: 0.1417, Train Steps/Sec: 1.93, Samples/Sec: 69.60
[[34m2025-06-07 17:29:25[0m] (step=0009800) Train Loss: 0.1440, Train Steps/Sec: 1.94, Samples/Sec: 69.71
[[34m2025-06-07 17:30:17[0m] (step=0009900) Train Loss: 0.1406, Train Steps/Sec: 1.94, Samples/Sec: 69.72
[[34m2025-06-07 17:31:09[0m] (step=0010000) Train Loss: 0.1476, Train Steps/Sec: 1.93, Samples/Sec: 69.43
Using cache found in ./models/facebookresearch_dino_main
Using cache found in ./models/facebookresearch_dino_main
/data1/zwc/miniconda3/envs/nwm2/lib/python3.8/site-packages/torch/_utils.py:831: UserWarning: TypedStorage is deprecated. It will be removed in the future and UntypedStorage will be the only storage class. This should only matter to you if you are using storages directly.  To access UntypedStorage directly, use tensor.untyped_storage() instead of tensor.storage()
  return self.fget.__get__(instance, owner)()
/data1/zwc/miniconda3/envs/nwm2/lib/python3.8/site-packages/torch/_utils.py:831: UserWarning: TypedStorage is deprecated. It will be removed in the future and UntypedStorage will be the only storage class. This should only matter to you if you are using storages directly.  To access UntypedStorage directly, use tensor.untyped_storage() instead of tensor.storage()
  return self.fget.__get__(instance, owner)()
/data1/zwc/miniconda3/envs/nwm2/lib/python3.8/site-packages/torch/nn/utils/weight_norm.py:30: UserWarning: torch.nn.utils.weight_norm is deprecated in favor of torch.nn.utils.parametrizations.weight_norm.
  warnings.warn("torch.nn.utils.weight_norm is deprecated in favor of torch.nn.utils.parametrizations.weight_norm.")
/data1/zwc/miniconda3/envs/nwm2/lib/python3.8/site-packages/torch/nn/utils/weight_norm.py:30: UserWarning: torch.nn.utils.weight_norm is deprecated in favor of torch.nn.utils.parametrizations.weight_norm.
  warnings.warn("torch.nn.utils.weight_norm is deprecated in favor of torch.nn.utils.parametrizations.weight_norm.")
[[34m2025-06-07 17:31:24[0m] Saved checkpoint to logs/nwm_cdit_recon/checkpoints/latest.pth.tar
Using cache found in ./models/facebookresearch_dino_main
/data1/zwc/miniconda3/envs/nwm2/lib/python3.8/site-packages/torch/_utils.py:831: UserWarning: TypedStorage is deprecated. It will be removed in the future and UntypedStorage will be the only storage class. This should only matter to you if you are using storages directly.  To access UntypedStorage directly, use tensor.untyped_storage() instead of tensor.storage()
  return self.fget.__get__(instance, owner)()
/data1/zwc/miniconda3/envs/nwm2/lib/python3.8/site-packages/torch/nn/utils/weight_norm.py:30: UserWarning: torch.nn.utils.weight_norm is deprecated in favor of torch.nn.utils.parametrizations.weight_norm.
  warnings.warn("torch.nn.utils.weight_norm is deprecated in favor of torch.nn.utils.parametrizations.weight_norm.")
[[34m2025-06-07 17:31:28[0m] Already found a `peft_config` attribute in the model. This will lead to having multiple adapters in the model. Make sure to know what you are doing!
[[34m2025-06-07 17:33:33[0m] (step=0010000) Perceptual Loss: 0.8214, Eval Time: 128.09
[[34m2025-06-07 17:34:24[0m] (step=0010100) Train Loss: 0.1479, Train Steps/Sec: 0.51, Samples/Sec: 18.40
[[34m2025-06-07 17:35:16[0m] (step=0010200) Train Loss: 0.1451, Train Steps/Sec: 1.94, Samples/Sec: 69.80
[[34m2025-06-07 17:36:08[0m] (step=0010300) Train Loss: 0.1459, Train Steps/Sec: 1.93, Samples/Sec: 69.57
[[34m2025-06-07 17:36:59[0m] (step=0010400) Train Loss: 0.1485, Train Steps/Sec: 1.94, Samples/Sec: 69.76
[[34m2025-06-07 17:37:51[0m] (step=0010500) Train Loss: 0.1475, Train Steps/Sec: 1.94, Samples/Sec: 69.72
[[34m2025-06-07 17:38:42[0m] (step=0010600) Train Loss: 0.1483, Train Steps/Sec: 1.94, Samples/Sec: 70.00
[[34m2025-06-07 17:39:34[0m] (step=0010700) Train Loss: 0.1447, Train Steps/Sec: 1.94, Samples/Sec: 69.68
[[34m2025-06-07 17:40:26[0m] (step=0010800) Train Loss: 0.1444, Train Steps/Sec: 1.93, Samples/Sec: 69.54
[[34m2025-06-07 17:41:17[0m] (step=0010900) Train Loss: 0.1451, Train Steps/Sec: 1.93, Samples/Sec: 69.45
[[34m2025-06-07 17:42:09[0m] (step=0011000) Train Loss: 0.1429, Train Steps/Sec: 1.93, Samples/Sec: 69.37
[[34m2025-06-07 17:43:01[0m] (step=0011100) Train Loss: 0.1377, Train Steps/Sec: 1.93, Samples/Sec: 69.56
[[34m2025-06-07 17:43:53[0m] (step=0011200) Train Loss: 0.1435, Train Steps/Sec: 1.93, Samples/Sec: 69.38
[[34m2025-06-07 17:44:45[0m] (step=0011300) Train Loss: 0.1405, Train Steps/Sec: 1.93, Samples/Sec: 69.61
[[34m2025-06-07 17:45:36[0m] (step=0011400) Train Loss: 0.1474, Train Steps/Sec: 1.93, Samples/Sec: 69.65
[[34m2025-06-07 17:46:28[0m] (step=0011500) Train Loss: 0.1409, Train Steps/Sec: 1.94, Samples/Sec: 69.68
[[34m2025-06-07 17:47:20[0m] (step=0011600) Train Loss: 0.1367, Train Steps/Sec: 1.93, Samples/Sec: 69.49
[[34m2025-06-07 17:48:12[0m] (step=0011700) Train Loss: 0.1384, Train Steps/Sec: 1.93, Samples/Sec: 69.65
[[34m2025-06-07 17:49:03[0m] (step=0011800) Train Loss: 0.1479, Train Steps/Sec: 1.93, Samples/Sec: 69.42
[[34m2025-06-07 17:49:55[0m] (step=0011900) Train Loss: 0.1390, Train Steps/Sec: 1.93, Samples/Sec: 69.57
[[34m2025-06-07 17:50:47[0m] (step=0012000) Train Loss: 0.1451, Train Steps/Sec: 1.94, Samples/Sec: 69.67
[[34m2025-06-07 17:51:01[0m] Saved checkpoint to logs/nwm_cdit_recon/checkpoints/latest.pth.tar
[[34m2025-06-07 17:51:53[0m] (step=0012100) Train Loss: 0.1432, Train Steps/Sec: 1.52, Samples/Sec: 54.77
[[34m2025-06-07 17:52:44[0m] (step=0012200) Train Loss: 0.1408, Train Steps/Sec: 1.93, Samples/Sec: 69.61
[[34m2025-06-07 17:53:36[0m] (step=0012300) Train Loss: 0.1455, Train Steps/Sec: 1.94, Samples/Sec: 69.67
[[34m2025-06-07 17:54:28[0m] (step=0012400) Train Loss: 0.1443, Train Steps/Sec: 1.94, Samples/Sec: 69.73
[[34m2025-06-07 17:55:19[0m] (step=0012500) Train Loss: 0.1454, Train Steps/Sec: 1.93, Samples/Sec: 69.49
[[34m2025-06-07 17:56:11[0m] (step=0012600) Train Loss: 0.1400, Train Steps/Sec: 1.94, Samples/Sec: 69.71
[[34m2025-06-07 17:57:03[0m] (step=0012700) Train Loss: 0.1374, Train Steps/Sec: 1.94, Samples/Sec: 69.73
[[34m2025-06-07 17:57:54[0m] (step=0012800) Train Loss: 0.1441, Train Steps/Sec: 1.94, Samples/Sec: 69.73
[[34m2025-06-07 17:58:46[0m] (step=0012900) Train Loss: 0.1362, Train Steps/Sec: 1.93, Samples/Sec: 69.59
[[34m2025-06-07 17:59:38[0m] (step=0013000) Train Loss: 0.1464, Train Steps/Sec: 1.94, Samples/Sec: 69.70
[[34m2025-06-07 18:00:29[0m] (step=0013100) Train Loss: 0.1360, Train Steps/Sec: 1.94, Samples/Sec: 69.74
[[34m2025-06-07 18:01:21[0m] (step=0013200) Train Loss: 0.1488, Train Steps/Sec: 1.93, Samples/Sec: 69.50
[[34m2025-06-07 18:02:13[0m] (step=0013300) Train Loss: 0.1446, Train Steps/Sec: 1.94, Samples/Sec: 69.70
[[34m2025-06-07 18:03:04[0m] (step=0013400) Train Loss: 0.1445, Train Steps/Sec: 1.94, Samples/Sec: 69.68
[[34m2025-06-07 18:03:56[0m] (step=0013500) Train Loss: 0.1488, Train Steps/Sec: 1.93, Samples/Sec: 69.57
[[34m2025-06-07 18:04:48[0m] (step=0013600) Train Loss: 0.1388, Train Steps/Sec: 1.94, Samples/Sec: 69.69
[[34m2025-06-07 18:05:40[0m] (step=0013700) Train Loss: 0.1414, Train Steps/Sec: 1.94, Samples/Sec: 69.69
[[34m2025-06-07 18:06:31[0m] (step=0013800) Train Loss: 0.1446, Train Steps/Sec: 1.93, Samples/Sec: 69.59
[[34m2025-06-07 18:07:23[0m] (step=0013900) Train Loss: 0.1439, Train Steps/Sec: 1.93, Samples/Sec: 69.55
[[34m2025-06-07 18:08:15[0m] (step=0014000) Train Loss: 0.1437, Train Steps/Sec: 1.94, Samples/Sec: 69.69
[[34m2025-06-07 18:08:28[0m] Saved checkpoint to logs/nwm_cdit_recon/checkpoints/latest.pth.tar
[[34m2025-06-07 18:09:19[0m] (step=0014100) Train Loss: 0.1393, Train Steps/Sec: 1.54, Samples/Sec: 55.62
[[34m2025-06-07 18:10:11[0m] (step=0014200) Train Loss: 0.1380, Train Steps/Sec: 1.94, Samples/Sec: 69.67
[[34m2025-06-07 18:11:03[0m] (step=0014300) Train Loss: 0.1455, Train Steps/Sec: 1.94, Samples/Sec: 69.67
[[34m2025-06-07 18:11:54[0m] (step=0014400) Train Loss: 0.1415, Train Steps/Sec: 1.94, Samples/Sec: 69.71
[[34m2025-06-07 18:12:46[0m] (step=0014500) Train Loss: 0.1395, Train Steps/Sec: 1.93, Samples/Sec: 69.46
[[34m2025-06-07 18:13:38[0m] (step=0014600) Train Loss: 0.1485, Train Steps/Sec: 1.94, Samples/Sec: 69.72
[[34m2025-06-07 18:14:29[0m] (step=0014700) Train Loss: 0.1401, Train Steps/Sec: 1.94, Samples/Sec: 69.72
[[34m2025-06-07 18:15:06[0m] Beginning epoch 1...
[[34m2025-06-07 18:15:21[0m] (step=0014800) Train Loss: 0.1402, Train Steps/Sec: 1.92, Samples/Sec: 69.28
[[34m2025-06-07 18:16:13[0m] (step=0014900) Train Loss: 0.1389, Train Steps/Sec: 1.94, Samples/Sec: 69.70
[[34m2025-06-07 18:17:05[0m] (step=0015000) Train Loss: 0.1451, Train Steps/Sec: 1.94, Samples/Sec: 69.71
[[34m2025-06-07 18:17:56[0m] (step=0015100) Train Loss: 0.1465, Train Steps/Sec: 1.94, Samples/Sec: 69.67
[[34m2025-06-07 18:18:48[0m] (step=0015200) Train Loss: 0.1379, Train Steps/Sec: 1.93, Samples/Sec: 69.47
[[34m2025-06-07 18:19:40[0m] (step=0015300) Train Loss: 0.1430, Train Steps/Sec: 1.94, Samples/Sec: 69.70
[[34m2025-06-07 18:20:32[0m] (step=0015400) Train Loss: 0.1408, Train Steps/Sec: 1.94, Samples/Sec: 69.71
[[34m2025-06-07 18:21:23[0m] (step=0015500) Train Loss: 0.1320, Train Steps/Sec: 1.93, Samples/Sec: 69.56
[[34m2025-06-07 18:22:15[0m] (step=0015600) Train Loss: 0.1316, Train Steps/Sec: 1.94, Samples/Sec: 69.71
[[34m2025-06-07 18:23:07[0m] (step=0015700) Train Loss: 0.1490, Train Steps/Sec: 1.94, Samples/Sec: 69.71
[[34m2025-06-07 18:23:58[0m] (step=0015800) Train Loss: 0.1374, Train Steps/Sec: 1.94, Samples/Sec: 69.70
[[34m2025-06-07 18:24:50[0m] (step=0015900) Train Loss: 0.1342, Train Steps/Sec: 1.93, Samples/Sec: 69.44
[[34m2025-06-07 18:25:42[0m] (step=0016000) Train Loss: 0.1430, Train Steps/Sec: 1.94, Samples/Sec: 69.69
[[34m2025-06-07 18:25:55[0m] Saved checkpoint to logs/nwm_cdit_recon/checkpoints/latest.pth.tar
[[34m2025-06-07 18:26:47[0m] (step=0016100) Train Loss: 0.1469, Train Steps/Sec: 1.54, Samples/Sec: 55.41
[[34m2025-06-07 18:27:38[0m] (step=0016200) Train Loss: 0.1346, Train Steps/Sec: 1.94, Samples/Sec: 69.72
[[34m2025-06-07 18:28:30[0m] (step=0016300) Train Loss: 0.1425, Train Steps/Sec: 1.94, Samples/Sec: 69.72
[[34m2025-06-07 18:29:22[0m] (step=0016400) Train Loss: 0.1367, Train Steps/Sec: 1.94, Samples/Sec: 69.68
[[34m2025-06-07 18:30:13[0m] (step=0016500) Train Loss: 0.1385, Train Steps/Sec: 1.93, Samples/Sec: 69.47
[[34m2025-06-07 18:31:05[0m] (step=0016600) Train Loss: 0.1373, Train Steps/Sec: 1.93, Samples/Sec: 69.58
[[34m2025-06-07 18:31:57[0m] (step=0016700) Train Loss: 0.1426, Train Steps/Sec: 1.94, Samples/Sec: 69.70
[[34m2025-06-07 18:32:49[0m] (step=0016800) Train Loss: 0.1335, Train Steps/Sec: 1.93, Samples/Sec: 69.58
[[34m2025-06-07 18:33:40[0m] (step=0016900) Train Loss: 0.1320, Train Steps/Sec: 1.94, Samples/Sec: 69.67
[[34m2025-06-07 18:34:32[0m] (step=0017000) Train Loss: 0.1408, Train Steps/Sec: 1.93, Samples/Sec: 69.64
[[34m2025-06-07 18:35:24[0m] (step=0017100) Train Loss: 0.1371, Train Steps/Sec: 1.94, Samples/Sec: 69.70
[[34m2025-06-07 18:36:15[0m] (step=0017200) Train Loss: 0.1354, Train Steps/Sec: 1.93, Samples/Sec: 69.48
[[34m2025-06-07 18:37:07[0m] (step=0017300) Train Loss: 0.1363, Train Steps/Sec: 1.94, Samples/Sec: 69.70
[[34m2025-06-07 18:37:59[0m] (step=0017400) Train Loss: 0.1406, Train Steps/Sec: 1.93, Samples/Sec: 69.58
[[34m2025-06-07 18:38:50[0m] (step=0017500) Train Loss: 0.1286, Train Steps/Sec: 1.94, Samples/Sec: 69.68
[[34m2025-06-07 18:39:42[0m] (step=0017600) Train Loss: 0.1359, Train Steps/Sec: 1.94, Samples/Sec: 69.70
[[34m2025-06-07 18:40:34[0m] (step=0017700) Train Loss: 0.1336, Train Steps/Sec: 1.94, Samples/Sec: 69.71
[[34m2025-06-07 18:41:25[0m] (step=0017800) Train Loss: 0.1402, Train Steps/Sec: 1.94, Samples/Sec: 69.73
[[34m2025-06-07 18:42:17[0m] (step=0017900) Train Loss: 0.1336, Train Steps/Sec: 1.93, Samples/Sec: 69.46
[[34m2025-06-07 18:43:09[0m] (step=0018000) Train Loss: 0.1337, Train Steps/Sec: 1.94, Samples/Sec: 69.72
[[34m2025-06-07 18:43:23[0m] Saved checkpoint to logs/nwm_cdit_recon/checkpoints/latest.pth.tar
[[34m2025-06-07 18:44:14[0m] (step=0018100) Train Loss: 0.1292, Train Steps/Sec: 1.52, Samples/Sec: 54.85
[[34m2025-06-07 18:45:06[0m] (step=0018200) Train Loss: 0.1351, Train Steps/Sec: 1.94, Samples/Sec: 69.74
[[34m2025-06-07 18:45:58[0m] (step=0018300) Train Loss: 0.1388, Train Steps/Sec: 1.94, Samples/Sec: 69.72
[[34m2025-06-07 18:46:49[0m] (step=0018400) Train Loss: 0.1303, Train Steps/Sec: 1.94, Samples/Sec: 69.73
[[34m2025-06-07 18:47:41[0m] (step=0018500) Train Loss: 0.1346, Train Steps/Sec: 1.94, Samples/Sec: 69.72
[[34m2025-06-07 18:48:33[0m] (step=0018600) Train Loss: 0.1419, Train Steps/Sec: 1.93, Samples/Sec: 69.46
[[34m2025-06-07 18:49:25[0m] (step=0018700) Train Loss: 0.1310, Train Steps/Sec: 1.93, Samples/Sec: 69.62
[[34m2025-06-07 18:50:16[0m] (step=0018800) Train Loss: 0.1400, Train Steps/Sec: 1.94, Samples/Sec: 69.70
[[34m2025-06-07 18:51:08[0m] (step=0018900) Train Loss: 0.1373, Train Steps/Sec: 1.94, Samples/Sec: 69.72
[[34m2025-06-07 18:51:59[0m] (step=0019000) Train Loss: 0.1389, Train Steps/Sec: 1.94, Samples/Sec: 69.73
[[34m2025-06-07 18:52:51[0m] (step=0019100) Train Loss: 0.1293, Train Steps/Sec: 1.94, Samples/Sec: 69.70
[[34m2025-06-07 18:53:43[0m] (step=0019200) Train Loss: 0.1369, Train Steps/Sec: 1.93, Samples/Sec: 69.55
[[34m2025-06-07 18:54:35[0m] (step=0019300) Train Loss: 0.1396, Train Steps/Sec: 1.93, Samples/Sec: 69.55
[[34m2025-06-07 18:55:26[0m] (step=0019400) Train Loss: 0.1357, Train Steps/Sec: 1.93, Samples/Sec: 69.56
[[34m2025-06-07 18:56:18[0m] (step=0019500) Train Loss: 0.1428, Train Steps/Sec: 1.94, Samples/Sec: 69.70
[[34m2025-06-07 18:57:10[0m] (step=0019600) Train Loss: 0.1368, Train Steps/Sec: 1.94, Samples/Sec: 69.73
[[34m2025-06-07 18:58:01[0m] (step=0019700) Train Loss: 0.1323, Train Steps/Sec: 1.94, Samples/Sec: 69.73
[[34m2025-06-07 18:58:53[0m] (step=0019800) Train Loss: 0.1376, Train Steps/Sec: 1.94, Samples/Sec: 69.72
[[34m2025-06-07 18:59:45[0m] (step=0019900) Train Loss: 0.1443, Train Steps/Sec: 1.93, Samples/Sec: 69.49
[[34m2025-06-07 19:00:36[0m] (step=0020000) Train Loss: 0.1379, Train Steps/Sec: 1.94, Samples/Sec: 69.68
Using cache found in ./models/facebookresearch_dino_main
Using cache found in ./models/facebookresearch_dino_main
[[34m2025-06-07 19:01:01[0m] Saved checkpoint to logs/nwm_cdit_recon/checkpoints/0020000.pth.tar
Using cache found in ./models/facebookresearch_dino_main
[[34m2025-06-07 19:01:04[0m] Already found a `peft_config` attribute in the model. This will lead to having multiple adapters in the model. Make sure to know what you are doing!
[[34m2025-06-07 19:03:09[0m] (step=0020000) Perceptual Loss: 0.6689, Eval Time: 127.67
[[34m2025-06-07 19:04:01[0m] (step=0020100) Train Loss: 0.1365, Train Steps/Sec: 0.49, Samples/Sec: 17.63
[[34m2025-06-07 19:04:52[0m] (step=0020200) Train Loss: 0.1331, Train Steps/Sec: 1.94, Samples/Sec: 69.76
[[34m2025-06-07 19:05:44[0m] (step=0020300) Train Loss: 0.1286, Train Steps/Sec: 1.94, Samples/Sec: 69.73
[[34m2025-06-07 19:06:35[0m] (step=0020400) Train Loss: 0.1369, Train Steps/Sec: 1.94, Samples/Sec: 69.71
[[34m2025-06-07 19:07:27[0m] (step=0020500) Train Loss: 0.1337, Train Steps/Sec: 1.94, Samples/Sec: 69.70
[[34m2025-06-07 19:08:19[0m] (step=0020600) Train Loss: 0.1423, Train Steps/Sec: 1.94, Samples/Sec: 69.89
[[34m2025-06-07 19:09:23[0m] (step=0020700) Train Loss: 0.1334, Train Steps/Sec: 1.55, Samples/Sec: 55.82
[[34m2025-06-07 19:10:15[0m] (step=0020800) Train Loss: 0.1363, Train Steps/Sec: 1.93, Samples/Sec: 69.42
[[34m2025-06-07 19:11:07[0m] (step=0020900) Train Loss: 0.1391, Train Steps/Sec: 1.93, Samples/Sec: 69.50
[[34m2025-06-07 19:11:59[0m] (step=0021000) Train Loss: 0.1402, Train Steps/Sec: 1.93, Samples/Sec: 69.55
[[34m2025-06-07 19:12:51[0m] (step=0021100) Train Loss: 0.1319, Train Steps/Sec: 1.92, Samples/Sec: 69.12
[[34m2025-06-07 19:13:42[0m] (step=0021200) Train Loss: 0.1407, Train Steps/Sec: 1.93, Samples/Sec: 69.56
[[34m2025-06-07 19:14:34[0m] (step=0021300) Train Loss: 0.1389, Train Steps/Sec: 1.93, Samples/Sec: 69.40
[[34m2025-06-07 19:15:26[0m] (step=0021400) Train Loss: 0.1317, Train Steps/Sec: 1.93, Samples/Sec: 69.43
[[34m2025-06-07 19:16:18[0m] (step=0021500) Train Loss: 0.1347, Train Steps/Sec: 1.93, Samples/Sec: 69.54
[[34m2025-06-07 19:17:10[0m] (step=0021600) Train Loss: 0.1372, Train Steps/Sec: 1.93, Samples/Sec: 69.52
[[34m2025-06-07 19:18:01[0m] (step=0021700) Train Loss: 0.1381, Train Steps/Sec: 1.93, Samples/Sec: 69.47
[[34m2025-06-07 19:18:53[0m] (step=0021800) Train Loss: 0.1286, Train Steps/Sec: 1.92, Samples/Sec: 69.23
[[34m2025-06-07 19:19:45[0m] (step=0021900) Train Loss: 0.1342, Train Steps/Sec: 1.93, Samples/Sec: 69.37
[[34m2025-06-07 19:20:37[0m] (step=0022000) Train Loss: 0.1350, Train Steps/Sec: 1.93, Samples/Sec: 69.49
[[34m2025-06-07 19:20:50[0m] Saved checkpoint to logs/nwm_cdit_recon/checkpoints/latest.pth.tar
[[34m2025-06-07 19:21:42[0m] (step=0022100) Train Loss: 0.1324, Train Steps/Sec: 1.54, Samples/Sec: 55.47
[[34m2025-06-07 19:22:34[0m] (step=0022200) Train Loss: 0.1298, Train Steps/Sec: 1.93, Samples/Sec: 69.62
[[34m2025-06-07 19:23:26[0m] (step=0022300) Train Loss: 0.1357, Train Steps/Sec: 1.93, Samples/Sec: 69.51
[[34m2025-06-07 19:24:17[0m] (step=0022400) Train Loss: 0.1397, Train Steps/Sec: 1.93, Samples/Sec: 69.53
[[34m2025-06-07 19:25:11[0m] (step=0022500) Train Loss: 0.1397, Train Steps/Sec: 1.86, Samples/Sec: 66.99
[[34m2025-06-07 19:26:03[0m] (step=0022600) Train Loss: 0.1337, Train Steps/Sec: 1.94, Samples/Sec: 69.68
[[34m2025-06-07 19:26:54[0m] (step=0022700) Train Loss: 0.1300, Train Steps/Sec: 1.94, Samples/Sec: 69.69
[[34m2025-06-07 19:27:46[0m] (step=0022800) Train Loss: 0.1314, Train Steps/Sec: 1.94, Samples/Sec: 69.66
[[34m2025-06-07 19:28:38[0m] (step=0022900) Train Loss: 0.1335, Train Steps/Sec: 1.94, Samples/Sec: 69.70
[[34m2025-06-07 19:29:29[0m] (step=0023000) Train Loss: 0.1341, Train Steps/Sec: 1.93, Samples/Sec: 69.65
[[34m2025-06-07 19:30:21[0m] (step=0023100) Train Loss: 0.1293, Train Steps/Sec: 1.94, Samples/Sec: 69.69
[[34m2025-06-07 19:31:13[0m] (step=0023200) Train Loss: 0.1406, Train Steps/Sec: 1.92, Samples/Sec: 69.20
[[34m2025-06-07 19:32:05[0m] (step=0023300) Train Loss: 0.1372, Train Steps/Sec: 1.93, Samples/Sec: 69.64
[[34m2025-06-07 19:32:57[0m] (step=0023400) Train Loss: 0.1408, Train Steps/Sec: 1.93, Samples/Sec: 69.65
[[34m2025-06-07 19:33:48[0m] (step=0023500) Train Loss: 0.1290, Train Steps/Sec: 1.94, Samples/Sec: 69.68
[[34m2025-06-07 19:34:40[0m] (step=0023600) Train Loss: 0.1381, Train Steps/Sec: 1.94, Samples/Sec: 69.69
[[34m2025-06-07 19:35:31[0m] (step=0023700) Train Loss: 0.1355, Train Steps/Sec: 1.94, Samples/Sec: 69.69
[[34m2025-06-07 19:36:23[0m] (step=0023800) Train Loss: 0.1400, Train Steps/Sec: 1.93, Samples/Sec: 69.38
[[34m2025-06-07 19:37:15[0m] (step=0023900) Train Loss: 0.1310, Train Steps/Sec: 1.93, Samples/Sec: 69.56
[[34m2025-06-07 19:38:07[0m] (step=0024000) Train Loss: 0.1390, Train Steps/Sec: 1.94, Samples/Sec: 69.67
[[34m2025-06-07 19:38:20[0m] Saved checkpoint to logs/nwm_cdit_recon/checkpoints/latest.pth.tar
[[34m2025-06-07 19:39:11[0m] (step=0024100) Train Loss: 0.1403, Train Steps/Sec: 1.55, Samples/Sec: 55.66
[[34m2025-06-07 19:40:03[0m] (step=0024200) Train Loss: 0.1341, Train Steps/Sec: 1.94, Samples/Sec: 69.73
[[34m2025-06-07 19:40:55[0m] (step=0024300) Train Loss: 0.1316, Train Steps/Sec: 1.93, Samples/Sec: 69.66
[[34m2025-06-07 19:41:46[0m] (step=0024400) Train Loss: 0.1345, Train Steps/Sec: 1.94, Samples/Sec: 69.69
[[34m2025-06-07 19:42:38[0m] (step=0024500) Train Loss: 0.1350, Train Steps/Sec: 1.93, Samples/Sec: 69.37
[[34m2025-06-07 19:43:30[0m] (step=0024600) Train Loss: 0.1376, Train Steps/Sec: 1.93, Samples/Sec: 69.61
[[34m2025-06-07 19:44:22[0m] (step=0024700) Train Loss: 0.1337, Train Steps/Sec: 1.94, Samples/Sec: 69.69
[[34m2025-06-07 19:45:13[0m] (step=0024800) Train Loss: 0.1382, Train Steps/Sec: 1.93, Samples/Sec: 69.65
[[34m2025-06-07 19:46:05[0m] (step=0024900) Train Loss: 0.1375, Train Steps/Sec: 1.94, Samples/Sec: 69.68
[[34m2025-06-07 19:46:57[0m] (step=0025000) Train Loss: 0.1344, Train Steps/Sec: 1.93, Samples/Sec: 69.66
[[34m2025-06-07 19:47:49[0m] (step=0025100) Train Loss: 0.1350, Train Steps/Sec: 1.93, Samples/Sec: 69.50
[[34m2025-06-07 19:48:40[0m] (step=0025200) Train Loss: 0.1356, Train Steps/Sec: 1.93, Samples/Sec: 69.34
[[34m2025-06-07 19:49:32[0m] (step=0025300) Train Loss: 0.1344, Train Steps/Sec: 1.94, Samples/Sec: 69.67
[[34m2025-06-07 19:50:24[0m] (step=0025400) Train Loss: 0.1276, Train Steps/Sec: 1.93, Samples/Sec: 69.54
[[34m2025-06-07 19:51:16[0m] (step=0025500) Train Loss: 0.1316, Train Steps/Sec: 1.93, Samples/Sec: 69.59
[[34m2025-06-07 19:52:07[0m] (step=0025600) Train Loss: 0.1351, Train Steps/Sec: 1.93, Samples/Sec: 69.49
[[34m2025-06-07 19:52:59[0m] (step=0025700) Train Loss: 0.1315, Train Steps/Sec: 1.93, Samples/Sec: 69.65
[[34m2025-06-07 19:53:51[0m] (step=0025800) Train Loss: 0.1311, Train Steps/Sec: 1.93, Samples/Sec: 69.44
[[34m2025-06-07 19:54:43[0m] (step=0025900) Train Loss: 0.1337, Train Steps/Sec: 1.93, Samples/Sec: 69.41
[[34m2025-06-07 19:55:35[0m] (step=0026000) Train Loss: 0.1310, Train Steps/Sec: 1.94, Samples/Sec: 69.68
[[34m2025-06-07 19:55:47[0m] Saved checkpoint to logs/nwm_cdit_recon/checkpoints/latest.pth.tar
[[34m2025-06-07 19:56:39[0m] (step=0026100) Train Loss: 0.1326, Train Steps/Sec: 1.55, Samples/Sec: 55.76
[[34m2025-06-07 19:57:31[0m] (step=0026200) Train Loss: 0.1360, Train Steps/Sec: 1.94, Samples/Sec: 69.71
[[34m2025-06-07 19:58:22[0m] (step=0026300) Train Loss: 0.1278, Train Steps/Sec: 1.93, Samples/Sec: 69.61
[[34m2025-06-07 19:59:14[0m] (step=0026400) Train Loss: 0.1319, Train Steps/Sec: 1.93, Samples/Sec: 69.47
[[34m2025-06-07 20:00:06[0m] (step=0026500) Train Loss: 0.1423, Train Steps/Sec: 1.93, Samples/Sec: 69.39
[[34m2025-06-07 20:00:58[0m] (step=0026600) Train Loss: 0.1343, Train Steps/Sec: 1.93, Samples/Sec: 69.64
[[34m2025-06-07 20:01:50[0m] (step=0026700) Train Loss: 0.1291, Train Steps/Sec: 1.93, Samples/Sec: 69.64
[[34m2025-06-07 20:02:41[0m] (step=0026800) Train Loss: 0.1320, Train Steps/Sec: 1.94, Samples/Sec: 69.71
[[34m2025-06-07 20:03:33[0m] (step=0026900) Train Loss: 0.1282, Train Steps/Sec: 1.94, Samples/Sec: 69.67
[[34m2025-06-07 20:04:25[0m] (step=0027000) Train Loss: 0.1310, Train Steps/Sec: 1.93, Samples/Sec: 69.58
[[34m2025-06-07 20:05:16[0m] (step=0027100) Train Loss: 0.1349, Train Steps/Sec: 1.93, Samples/Sec: 69.53
[[34m2025-06-07 20:06:08[0m] (step=0027200) Train Loss: 0.1375, Train Steps/Sec: 1.93, Samples/Sec: 69.56
[[34m2025-06-07 20:07:00[0m] (step=0027300) Train Loss: 0.1358, Train Steps/Sec: 1.93, Samples/Sec: 69.64
[[34m2025-06-07 20:07:52[0m] (step=0027400) Train Loss: 0.1305, Train Steps/Sec: 1.93, Samples/Sec: 69.57
[[34m2025-06-07 20:08:43[0m] (step=0027500) Train Loss: 0.1333, Train Steps/Sec: 1.93, Samples/Sec: 69.64
[[34m2025-06-07 20:09:35[0m] (step=0027600) Train Loss: 0.1343, Train Steps/Sec: 1.94, Samples/Sec: 69.67
[[34m2025-06-07 20:10:27[0m] (step=0027700) Train Loss: 0.1330, Train Steps/Sec: 1.93, Samples/Sec: 69.52
[[34m2025-06-07 20:11:18[0m] (step=0027800) Train Loss: 0.1332, Train Steps/Sec: 1.93, Samples/Sec: 69.58
[[34m2025-06-07 20:12:10[0m] (step=0027900) Train Loss: 0.1302, Train Steps/Sec: 1.92, Samples/Sec: 69.23
[[34m2025-06-07 20:13:02[0m] (step=0028000) Train Loss: 0.1263, Train Steps/Sec: 1.93, Samples/Sec: 69.64
[[34m2025-06-07 20:13:16[0m] Saved checkpoint to logs/nwm_cdit_recon/checkpoints/latest.pth.tar
[[34m2025-06-07 20:14:07[0m] (step=0028100) Train Loss: 0.1274, Train Steps/Sec: 1.53, Samples/Sec: 55.21
[[34m2025-06-07 20:14:59[0m] (step=0028200) Train Loss: 0.1341, Train Steps/Sec: 1.94, Samples/Sec: 69.72
[[34m2025-06-07 20:15:51[0m] (step=0028300) Train Loss: 0.1329, Train Steps/Sec: 1.93, Samples/Sec: 69.59
[[34m2025-06-07 20:16:42[0m] (step=0028400) Train Loss: 0.1294, Train Steps/Sec: 1.93, Samples/Sec: 69.57
[[34m2025-06-07 20:17:34[0m] (step=0028500) Train Loss: 0.1337, Train Steps/Sec: 1.93, Samples/Sec: 69.57
[[34m2025-06-07 20:18:26[0m] (step=0028600) Train Loss: 0.1322, Train Steps/Sec: 1.93, Samples/Sec: 69.51
[[34m2025-06-07 20:19:18[0m] (step=0028700) Train Loss: 0.1365, Train Steps/Sec: 1.93, Samples/Sec: 69.65
[[34m2025-06-07 20:20:09[0m] (step=0028800) Train Loss: 0.1242, Train Steps/Sec: 1.93, Samples/Sec: 69.65
[[34m2025-06-07 20:21:01[0m] (step=0028900) Train Loss: 0.1256, Train Steps/Sec: 1.94, Samples/Sec: 69.67
[[34m2025-06-07 20:21:53[0m] (step=0029000) Train Loss: 0.1293, Train Steps/Sec: 1.93, Samples/Sec: 69.55
[[34m2025-06-07 20:22:45[0m] (step=0029100) Train Loss: 0.1368, Train Steps/Sec: 1.94, Samples/Sec: 69.70
[[34m2025-06-07 20:23:36[0m] (step=0029200) Train Loss: 0.1325, Train Steps/Sec: 1.93, Samples/Sec: 69.43
[[34m2025-06-07 20:24:28[0m] (step=0029300) Train Loss: 0.1333, Train Steps/Sec: 1.94, Samples/Sec: 69.68
[[34m2025-06-07 20:25:20[0m] (step=0029400) Train Loss: 0.1252, Train Steps/Sec: 1.94, Samples/Sec: 69.71
[[34m2025-06-07 20:26:11[0m] (step=0029500) Train Loss: 0.1364, Train Steps/Sec: 1.94, Samples/Sec: 69.67
[[34m2025-06-07 20:26:32[0m] Beginning epoch 2...
[[34m2025-06-07 20:27:03[0m] (step=0029600) Train Loss: 0.1301, Train Steps/Sec: 1.93, Samples/Sec: 69.33
[[34m2025-06-07 20:27:55[0m] (step=0029700) Train Loss: 0.1309, Train Steps/Sec: 1.93, Samples/Sec: 69.57
[[34m2025-06-07 20:28:47[0m] (step=0029800) Train Loss: 0.1297, Train Steps/Sec: 1.94, Samples/Sec: 69.71
[[34m2025-06-07 20:29:38[0m] (step=0029900) Train Loss: 0.1316, Train Steps/Sec: 1.93, Samples/Sec: 69.55
[[34m2025-06-07 20:30:30[0m] (step=0030000) Train Loss: 0.1301, Train Steps/Sec: 1.93, Samples/Sec: 69.61
Using cache found in ./models/facebookresearch_dino_main
Using cache found in ./models/facebookresearch_dino_main
[[34m2025-06-07 20:30:43[0m] Saved checkpoint to logs/nwm_cdit_recon/checkpoints/latest.pth.tar
Using cache found in ./models/facebookresearch_dino_main
[[34m2025-06-07 20:30:46[0m] Already found a `peft_config` attribute in the model. This will lead to having multiple adapters in the model. Make sure to know what you are doing!
[[34m2025-06-07 20:32:50[0m] (step=0030000) Perceptual Loss: 0.3670, Eval Time: 127.03
[[34m2025-06-07 20:33:42[0m] (step=0030100) Train Loss: 0.1387, Train Steps/Sec: 0.52, Samples/Sec: 18.78
[[34m2025-06-07 20:34:33[0m] (step=0030200) Train Loss: 0.1371, Train Steps/Sec: 1.93, Samples/Sec: 69.65
[[34m2025-06-07 20:35:25[0m] (step=0030300) Train Loss: 0.1276, Train Steps/Sec: 1.93, Samples/Sec: 69.44
[[34m2025-06-07 20:36:17[0m] (step=0030400) Train Loss: 0.1282, Train Steps/Sec: 1.94, Samples/Sec: 69.72
[[34m2025-06-07 20:37:09[0m] (step=0030500) Train Loss: 0.1310, Train Steps/Sec: 1.93, Samples/Sec: 69.51
[[34m2025-06-07 20:38:00[0m] (step=0030600) Train Loss: 0.1269, Train Steps/Sec: 1.94, Samples/Sec: 69.97
[[34m2025-06-07 20:38:52[0m] (step=0030700) Train Loss: 0.1320, Train Steps/Sec: 1.95, Samples/Sec: 70.04
[[34m2025-06-07 20:39:43[0m] (step=0030800) Train Loss: 0.1282, Train Steps/Sec: 1.94, Samples/Sec: 69.90
[[34m2025-06-07 20:40:35[0m] (step=0030900) Train Loss: 0.1315, Train Steps/Sec: 1.94, Samples/Sec: 69.72
[[34m2025-06-07 20:41:26[0m] (step=0031000) Train Loss: 0.1318, Train Steps/Sec: 1.93, Samples/Sec: 69.57
[[34m2025-06-07 20:42:18[0m] (step=0031100) Train Loss: 0.1308, Train Steps/Sec: 1.93, Samples/Sec: 69.47
[[34m2025-06-07 20:43:10[0m] (step=0031200) Train Loss: 0.1397, Train Steps/Sec: 1.94, Samples/Sec: 69.74
[[34m2025-06-07 20:44:02[0m] (step=0031300) Train Loss: 0.1341, Train Steps/Sec: 1.94, Samples/Sec: 69.73
[[34m2025-06-07 20:44:53[0m] (step=0031400) Train Loss: 0.1272, Train Steps/Sec: 1.94, Samples/Sec: 69.70
[[34m2025-06-07 20:45:45[0m] (step=0031500) Train Loss: 0.1276, Train Steps/Sec: 1.94, Samples/Sec: 69.73
[[34m2025-06-07 20:46:36[0m] (step=0031600) Train Loss: 0.1297, Train Steps/Sec: 1.94, Samples/Sec: 69.73
[[34m2025-06-07 20:47:28[0m] (step=0031700) Train Loss: 0.1258, Train Steps/Sec: 1.93, Samples/Sec: 69.55
[[34m2025-06-07 20:48:20[0m] (step=0031800) Train Loss: 0.1300, Train Steps/Sec: 1.93, Samples/Sec: 69.41
[[34m2025-06-07 20:49:12[0m] (step=0031900) Train Loss: 0.1305, Train Steps/Sec: 1.94, Samples/Sec: 69.69
[[34m2025-06-07 20:50:03[0m] (step=0032000) Train Loss: 0.1352, Train Steps/Sec: 1.94, Samples/Sec: 69.72
[[34m2025-06-07 20:50:17[0m] Saved checkpoint to logs/nwm_cdit_recon/checkpoints/latest.pth.tar
[[34m2025-06-07 20:51:08[0m] (step=0032100) Train Loss: 0.1322, Train Steps/Sec: 1.54, Samples/Sec: 55.32
[[34m2025-06-07 20:52:00[0m] (step=0032200) Train Loss: 0.1336, Train Steps/Sec: 1.93, Samples/Sec: 69.63
[[34m2025-06-07 20:52:52[0m] (step=0032300) Train Loss: 0.1345, Train Steps/Sec: 1.94, Samples/Sec: 69.74
[[34m2025-06-07 20:53:43[0m] (step=0032400) Train Loss: 0.1295, Train Steps/Sec: 1.94, Samples/Sec: 69.74
[[34m2025-06-07 20:54:35[0m] (step=0032500) Train Loss: 0.1244, Train Steps/Sec: 1.92, Samples/Sec: 69.13
[[34m2025-06-07 20:55:27[0m] (step=0032600) Train Loss: 0.1253, Train Steps/Sec: 1.93, Samples/Sec: 69.41
[[34m2025-06-07 20:56:19[0m] (step=0032700) Train Loss: 0.1340, Train Steps/Sec: 1.93, Samples/Sec: 69.39
[[34m2025-06-07 20:57:11[0m] (step=0032800) Train Loss: 0.1285, Train Steps/Sec: 1.94, Samples/Sec: 69.74
[[34m2025-06-07 20:58:03[0m] (step=0032900) Train Loss: 0.1312, Train Steps/Sec: 1.93, Samples/Sec: 69.59
[[34m2025-06-07 20:58:54[0m] (step=0033000) Train Loss: 0.1246, Train Steps/Sec: 1.94, Samples/Sec: 69.69
[[34m2025-06-07 20:59:46[0m] (step=0033100) Train Loss: 0.1358, Train Steps/Sec: 1.93, Samples/Sec: 69.44
[[34m2025-06-07 21:00:38[0m] (step=0033200) Train Loss: 0.1287, Train Steps/Sec: 1.94, Samples/Sec: 69.71
[[34m2025-06-07 21:01:29[0m] (step=0033300) Train Loss: 0.1343, Train Steps/Sec: 1.94, Samples/Sec: 69.71
[[34m2025-06-07 21:02:21[0m] (step=0033400) Train Loss: 0.1312, Train Steps/Sec: 1.94, Samples/Sec: 69.72
[[34m2025-06-07 21:03:13[0m] (step=0033500) Train Loss: 0.1341, Train Steps/Sec: 1.94, Samples/Sec: 69.75
[[34m2025-06-07 21:04:04[0m] (step=0033600) Train Loss: 0.1368, Train Steps/Sec: 1.93, Samples/Sec: 69.60
[[34m2025-06-07 21:04:56[0m] (step=0033700) Train Loss: 0.1235, Train Steps/Sec: 1.94, Samples/Sec: 69.71
[[34m2025-06-07 21:05:48[0m] (step=0033800) Train Loss: 0.1328, Train Steps/Sec: 1.93, Samples/Sec: 69.42
[[34m2025-06-07 21:06:40[0m] (step=0033900) Train Loss: 0.1252, Train Steps/Sec: 1.94, Samples/Sec: 69.71
[[34m2025-06-07 21:07:31[0m] (step=0034000) Train Loss: 0.1271, Train Steps/Sec: 1.94, Samples/Sec: 69.68
[[34m2025-06-07 21:07:44[0m] Saved checkpoint to logs/nwm_cdit_recon/checkpoints/latest.pth.tar
[[34m2025-06-07 21:08:36[0m] (step=0034100) Train Loss: 0.1207, Train Steps/Sec: 1.55, Samples/Sec: 55.76
[[34m2025-06-07 21:09:27[0m] (step=0034200) Train Loss: 0.1322, Train Steps/Sec: 1.93, Samples/Sec: 69.63
[[34m2025-06-07 21:10:19[0m] (step=0034300) Train Loss: 0.1257, Train Steps/Sec: 1.94, Samples/Sec: 69.72
[[34m2025-06-07 21:11:11[0m] (step=0034400) Train Loss: 0.1291, Train Steps/Sec: 1.94, Samples/Sec: 69.72
[[34m2025-06-07 21:12:03[0m] (step=0034500) Train Loss: 0.1300, Train Steps/Sec: 1.93, Samples/Sec: 69.44
[[34m2025-06-07 21:12:54[0m] (step=0034600) Train Loss: 0.1293, Train Steps/Sec: 1.94, Samples/Sec: 69.72
[[34m2025-06-07 21:13:46[0m] (step=0034700) Train Loss: 0.1300, Train Steps/Sec: 1.94, Samples/Sec: 69.72
[[34m2025-06-07 21:14:37[0m] (step=0034800) Train Loss: 0.1331, Train Steps/Sec: 1.94, Samples/Sec: 69.69
[[34m2025-06-07 21:15:29[0m] (step=0034900) Train Loss: 0.1266, Train Steps/Sec: 1.93, Samples/Sec: 69.53
[[34m2025-06-07 21:16:21[0m] (step=0035000) Train Loss: 0.1268, Train Steps/Sec: 1.93, Samples/Sec: 69.65
[[34m2025-06-07 21:17:13[0m] (step=0035100) Train Loss: 0.1279, Train Steps/Sec: 1.94, Samples/Sec: 69.66
[[34m2025-06-07 21:18:04[0m] (step=0035200) Train Loss: 0.1180, Train Steps/Sec: 1.93, Samples/Sec: 69.43
[[34m2025-06-07 21:18:56[0m] (step=0035300) Train Loss: 0.1286, Train Steps/Sec: 1.94, Samples/Sec: 69.67
[[34m2025-06-07 21:19:48[0m] (step=0035400) Train Loss: 0.1242, Train Steps/Sec: 1.94, Samples/Sec: 69.69
[[34m2025-06-07 21:20:40[0m] (step=0035500) Train Loss: 0.1370, Train Steps/Sec: 1.93, Samples/Sec: 69.57
[[34m2025-06-07 21:21:31[0m] (step=0035600) Train Loss: 0.1297, Train Steps/Sec: 1.94, Samples/Sec: 69.71
[[34m2025-06-07 21:22:23[0m] (step=0035700) Train Loss: 0.1252, Train Steps/Sec: 1.94, Samples/Sec: 69.71
[[34m2025-06-07 21:23:15[0m] (step=0035800) Train Loss: 0.1252, Train Steps/Sec: 1.93, Samples/Sec: 69.45
[[34m2025-06-07 21:24:06[0m] (step=0035900) Train Loss: 0.1210, Train Steps/Sec: 1.94, Samples/Sec: 69.68
[[34m2025-06-07 21:24:58[0m] (step=0036000) Train Loss: 0.1269, Train Steps/Sec: 1.93, Samples/Sec: 69.64
[[34m2025-06-07 21:25:11[0m] Saved checkpoint to logs/nwm_cdit_recon/checkpoints/latest.pth.tar
[[34m2025-06-07 21:26:03[0m] (step=0036100) Train Loss: 0.1353, Train Steps/Sec: 1.54, Samples/Sec: 55.50
[[34m2025-06-07 21:26:55[0m] (step=0036200) Train Loss: 0.1193, Train Steps/Sec: 1.93, Samples/Sec: 69.64
